{
  "version": "1.5.0",
  "plugins_used": [
    {
      "name": "ArtifactoryDetector"
    },
    {
      "name": "AWSKeyDetector"
    },
    {
      "name": "AzureStorageKeyDetector"
    },
    {
      "name": "Base64HighEntropyString",
      "limit": 4.5
    },
    {
      "name": "BasicAuthDetector"
    },
    {
      "name": "CloudantDetector"
    },
    {
      "name": "DiscordBotTokenDetector"
    },
    {
      "name": "GitHubTokenDetector"
    },
    {
      "name": "GitLabTokenDetector"
    },
    {
      "name": "HexHighEntropyString",
      "limit": 3.0
    },
    {
      "name": "IbmCloudIamDetector"
    },
    {
      "name": "IbmCosHmacDetector"
    },
    {
      "name": "IPPublicDetector"
    },
    {
      "name": "JwtTokenDetector"
    },
    {
      "name": "KeywordDetector",
      "keyword_exclude": ""
    },
    {
      "name": "MailchimpDetector"
    },
    {
      "name": "NpmDetector"
    },
    {
      "name": "OpenAIDetector"
    },
    {
      "name": "PrivateKeyDetector"
    },
    {
      "name": "PypiTokenDetector"
    },
    {
      "name": "SendGridDetector"
    },
    {
      "name": "SlackDetector"
    },
    {
      "name": "SoftlayerDetector"
    },
    {
      "name": "SquareOAuthDetector"
    },
    {
      "name": "StripeDetector"
    },
    {
      "name": "TelegramBotTokenDetector"
    },
    {
      "name": "TwilioKeyDetector"
    }
  ],
  "filters_used": [
    {
      "path": "detect_secrets.filters.allowlist.is_line_allowlisted"
    },
    {
      "path": "detect_secrets.filters.common.is_baseline_file",
      "filename": ".secrets.baseline"
    },
    {
      "path": "detect_secrets.filters.common.is_ignored_due_to_verification_policies",
      "min_level": 2
    },
    {
      "path": "detect_secrets.filters.heuristic.is_indirect_reference"
    },
    {
      "path": "detect_secrets.filters.heuristic.is_likely_id_string"
    },
    {
      "path": "detect_secrets.filters.heuristic.is_lock_file"
    },
    {
      "path": "detect_secrets.filters.heuristic.is_not_alphanumeric_string"
    },
    {
      "path": "detect_secrets.filters.heuristic.is_potential_uuid"
    },
    {
      "path": "detect_secrets.filters.heuristic.is_prefixed_with_dollar_sign"
    },
    {
      "path": "detect_secrets.filters.heuristic.is_sequential_string"
    },
    {
      "path": "detect_secrets.filters.heuristic.is_swagger_file"
    },
    {
      "path": "detect_secrets.filters.heuristic.is_templated_secret"
    }
  ],
  "results": {
    "alembic/versions/20260611_0729_71f0ca615549_inventory_servers.py": [
      {
        "type": "Hex High Entropy String",
        "filename": "alembic/versions/20260611_0729_71f0ca615549_inventory_servers.py",
        "hashed_secret": "31611fec50cb733259a65e37bef2e542592e8643",
        "is_verified": false,
        "line_number": 15
      }
    ],
    "alembic/versions/20260623_0900_a1b2c3d4e5f6_privileges_catalog.py": [
      {
        "type": "Hex High Entropy String",
        "filename": "alembic/versions/20260623_0900_a1b2c3d4e5f6_privileges_catalog.py",
        "hashed_secret": "ef678205593788329ff416ce5c65fa04f33a05bd",
        "is_verified": false,
        "line_number": 15
      }
    ],
    "alembic/versions/20260623_1000_b2c3d4e5f6a7_server_ssl_mode.py": [
      {
        "type": "Hex High Entropy String",
        "filename": "alembic/versions/20260623_1000_b2c3d4e5f6a7_server_ssl_mode.py",
        "hashed_secret": "7277847a690bab70c1fbc5ab8eddbbcecdad996c",
        "is_verified": false,
        "line_number": 15
      }
    ],
    "alembic/versions/20260624_0900_c3d4e5f6a7b8_crypto_keys.py": [
      {
        "type": "Hex High Entropy String",
        "filename": "alembic/versions/20260624_0900_c3d4e5f6a7b8_crypto_keys.py",
        "hashed_secret": "5f54b82127fdf5d4704c3fa47ea6efb79f16f243",
        "is_verified": false,
        "line_number": 15
      }
    ],
    "alembic/versions/20260624_1000_d4e5f6a7b8c9_permission_profiles.py": [
      {
        "type": "Hex High Entropy String",
        "filename": "alembic/versions/20260624_1000_d4e5f6a7b8c9_permission_profiles.py",
        "hashed_secret": "9d7711abfa1f07e829f8ffd195f6679b8327ecf7",
        "is_verified": false,
        "line_number": 15
      }
    ],
    "alembic/versions/20260625_0900_e5f6a7b8c9d0_plan02_model_migrations.py": [
      {
        "type": "Hex High Entropy String",
        "filename": "alembic/versions/20260625_0900_e5f6a7b8c9d0_plan02_model_migrations.py",
        "hashed_secret": "5b8b7a611fb4d5665c9e428bee5e92a383344fd4",
        "is_verified": false,
        "line_number": 15
      }
    ],
    "alembic/versions/20260626_0900_f6a7b8c9d0e1_audit_log_dcl_fields.py": [
      {
        "type": "Hex High Entropy String",
        "filename": "alembic/versions/20260626_0900_f6a7b8c9d0e1_audit_log_dcl_fields.py",
        "hashed_secret": "81b9ca8522e88e586b5db203d3135d5e5a1e6e4d",
        "is_verified": false,
        "line_number": 18
      }
    ],
    "alembic/versions/20260629_0900_a7b8c9d0e1f2_plan09_adopt_snapshot.py": [
      {
        "type": "Hex High Entropy String",
        "filename": "alembic/versions/20260629_0900_a7b8c9d0e1f2_plan09_adopt_snapshot.py",
        "hashed_secret": "84fd72911f75338c519968102b65251177d6c5f1",
        "is_verified": false,
        "line_number": 24
      }
    ],
    "alembic/versions/20260629_1200_b8c9d0e1f2a3_model_migration_reviewed.py": [
      {
        "type": "Hex High Entropy String",
        "filename": "alembic/versions/20260629_1200_b8c9d0e1f2a3_model_migration_reviewed.py",
        "hashed_secret": "0aa883f284b6d231eb4dcead7f5fe9475f5a5ebf",
        "is_verified": false,
        "line_number": 22
      }
    ],
    "alembic/versions/20260629_1500_c9d0e1f2a3b4_model_migration_longtext.py": [
      {
        "type": "Hex High Entropy String",
        "filename": "alembic/versions/20260629_1500_c9d0e1f2a3b4_model_migration_longtext.py",
        "hashed_secret": "2726b462ecb944ccc6e89294d1c9e49bd1c8b32d",
        "is_verified": false,
        "line_number": 20
      }
    ],
    "alembic/versions/20260707_0900_d0e1f2a3b4c5_model_migration_kind.py": [
      {
        "type": "Hex High Entropy String",
        "filename": "alembic/versions/20260707_0900_d0e1f2a3b4c5_model_migration_kind.py",
        "hashed_secret": "b80ad0ac78f9a45bafe5cc4b361602340914648e",
        "is_verified": false,
        "line_number": 27
      }
    ],
    "alembic/versions/20260713_0807_eb3aa0df3d42_add_schema_comparison_tables.py": [
      {
        "type": "Hex High Entropy String",
        "filename": "alembic/versions/20260713_0807_eb3aa0df3d42_add_schema_comparison_tables.py",
        "hashed_secret": "d3145605f7ddb58108f50a70617e8ab80e249c97",
        "is_verified": false,
        "line_number": 15
      }
    ],
    "alembic/versions/20260713_0930_f7a8b9c0d1e2_schema_comparison_raw_db_refs.py": [
      {
        "type": "Hex High Entropy String",
        "filename": "alembic/versions/20260713_0930_f7a8b9c0d1e2_schema_comparison_raw_db_refs.py",
        "hashed_secret": "40bd65fc091a4c7bda4c08f08fab76c42ddfcab9",
        "is_verified": false,
        "line_number": 35
      }
    ],
    "alembic/versions/20260718_1000_b1c2d3e4f5a6_add_clone_job_tables.py": [
      {
        "type": "Hex High Entropy String",
        "filename": "alembic/versions/20260718_1000_b1c2d3e4f5a6_add_clone_job_tables.py",
        "hashed_secret": "67e71f59c479818d8d271427edeaee49eae77ffe",
        "is_verified": false,
        "line_number": 15
      }
    ],
    "alembic/versions/20260724_2300_d1e2f3a4b5c6_add_migration_statement_progress.py": [
      {
        "type": "Hex High Entropy String",
        "filename": "alembic/versions/20260724_2300_d1e2f3a4b5c6_add_migration_statement_progress.py",
        "hashed_secret": "ec73af5bc714da22120768a4c444a23f077f5b31",
        "is_verified": false,
        "line_number": 23
      }
    ],
    "alembic/versions/20260726_1000_e2f3a4b5c6d7_statement_manifest_and_deps.py": [
      {
        "type": "Hex High Entropy String",
        "filename": "alembic/versions/20260726_1000_e2f3a4b5c6d7_statement_manifest_and_deps.py",
        "hashed_secret": "cb55a0fbf14c1fc38d0d4228b6243b3ae61fda47",
        "is_verified": false,
        "line_number": 35
      }
    ],
    "alembic/versions/20260802_1200_a3b4c5d6e7f8_add_query_executions.py": [
      {
        "type": "Hex High Entropy String",
        "filename": "alembic/versions/20260802_1200_a3b4c5d6e7f8_add_query_executions.py",
        "hashed_secret": "5fc36eb0ddc59b3088f6bd352b93b5ed0ebf3db6",
        "is_verified": false,
        "line_number": 22
      }
    ],
    "alembic/versions/20260811_0900_c4d5e6f7a8b9_charset_collation_options.py": [
      {
        "type": "Hex High Entropy String",
        "filename": "alembic/versions/20260811_0900_c4d5e6f7a8b9_charset_collation_options.py",
        "hashed_secret": "ceeb46597b474a1b71d009d35dbe2782f54ebe5c",
        "is_verified": false,
        "line_number": 23
      }
    ],
    "alembic/versions/20260813_0900_d5e6f7a8b9c0_add_collation_conversion_tables.py": [
      {
        "type": "Hex High Entropy String",
        "filename": "alembic/versions/20260813_0900_d5e6f7a8b9c0_add_collation_conversion_tables.py",
        "hashed_secret": "798f15d7097473291bfe213f0b07b3adde1730ce",
        "is_verified": false,
        "line_number": 15
      }
    ],
    "alembic/versions/20260813_1500_e6f7a8b9c0d1_collation_conversion_columns_mode.py": [
      {
        "type": "Hex High Entropy String",
        "filename": "alembic/versions/20260813_1500_e6f7a8b9c0d1_collation_conversion_columns_mode.py",
        "hashed_secret": "378e0c51318a18dd4142048cd4ddfed3dc741705",
        "is_verified": false,
        "line_number": 29
      }
    ],
    "alembic/versions/20260814_1000_f8a9b0c1d2e3_migration_select_results.py": [
      {
        "type": "Hex High Entropy String",
        "filename": "alembic/versions/20260814_1000_f8a9b0c1d2e3_migration_select_results.py",
        "hashed_secret": "1209395fe478769e2364acc568da35c1503f84ba",
        "is_verified": false,
        "line_number": 31
      }
    ],
    "alembic/versions/20260816_1404_a9b0c1d2e3f4_add_export_job_tables.py": [
      {
        "type": "Hex High Entropy String",
        "filename": "alembic/versions/20260816_1404_a9b0c1d2e3f4_add_export_job_tables.py",
        "hashed_secret": "7aa7b4c466c2114ba75cb93f33ace077f739633a",
        "is_verified": false,
        "line_number": 26
      }
    ],
    "alembic/versions/20260821_1000_c7d8e9f0a1b2_database_model_charset_collation.py": [
      {
        "type": "Hex High Entropy String",
        "filename": "alembic/versions/20260821_1000_c7d8e9f0a1b2_database_model_charset_collation.py",
        "hashed_secret": "17d5416942e2138b43a39535c56439ad42161601",
        "is_verified": false,
        "line_number": 28
      }
    ],
    "alembic/versions/20260822_0900_d3e4f5a6b7c8_clone_data_only_and_target_charset.py": [
      {
        "type": "Hex High Entropy String",
        "filename": "alembic/versions/20260822_0900_d3e4f5a6b7c8_clone_data_only_and_target_charset.py",
        "hashed_secret": "dcef2ed5c987677807031f50f5b15aee0527dfd3",
        "is_verified": false,
        "line_number": 51
      }
    ],
    "alembic/versions/20260822_0900_d8e9f0a1b2c3_projects_and_blueprint_pivot.py": [
      {
        "type": "Hex High Entropy String",
        "filename": "alembic/versions/20260822_0900_d8e9f0a1b2c3_projects_and_blueprint_pivot.py",
        "hashed_secret": "7e5fd6a0f35864447594f43f0893219b1b374db3",
        "is_verified": false,
        "line_number": 44
      }
    ],
    "alembic/versions/20260822_1200_e4f5a6b7c8d9_environments_and_managed_db_link.py": [
      {
        "type": "Hex High Entropy String",
        "filename": "alembic/versions/20260822_1200_e4f5a6b7c8d9_environments_and_managed_db_link.py",
        "hashed_secret": "352ca37d32189c412e3b8da658f206cbc086c427",
        "is_verified": false,
        "line_number": 56
      }
    ],
    "alembic/versions/20260822_1600_f5a6b7c8d9e0_environment_local.py": [
      {
        "type": "Hex High Entropy String",
        "filename": "alembic/versions/20260822_1600_f5a6b7c8d9e0_environment_local.py",
        "hashed_secret": "f5c78c30b92e06ec4a59cb0e653225254bbd5ece",
        "is_verified": false,
        "line_number": 45
      }
    ],
    "alembic/versions/20260824_1800_a6b7c8d9e0f1_collation_conversion_batches.py": [
      {
        "type": "Hex High Entropy String",
        "filename": "alembic/versions/20260824_1800_a6b7c8d9e0f1_collation_conversion_batches.py",
        "hashed_secret": "2c1ebf1c053885e7a9120a4568fe1d0fc1410d10",
        "is_verified": false,
        "line_number": 41
      }
    ],
    "app/controllers/server_user_controller.py": [
      {
        "type": "Secret Keyword",
        "filename": "app/controllers/server_user_controller.py",
        "hashed_secret": "d16abaafbaef21b603ca0c3d64cc305bd2adc8f1",
        "is_verified": false,
        "line_number": 966
      }
    ],
    "docs/api-reference-v6.md": [
      {
        "type": "Secret Keyword",
        "filename": "docs/api-reference-v6.md",
        "hashed_secret": "25ab86bed149ca6ca9c1c0d5db7c9a91388ddeab",
        "is_verified": false,
        "line_number": 883
      }
    ],
    "docs/api-reference-v8.md": [
      {
        "type": "Hex High Entropy String",
        "filename": "docs/api-reference-v8.md",
        "hashed_secret": "3b93fc1e460504cbf7f17b1c1549ffbbf30e509d",
        "is_verified": false,
        "line_number": 829
      },
      {
        "type": "Hex High Entropy String",
        "filename": "docs/api-reference-v8.md",
        "hashed_secret": "231f3577f736d64363493fe531db7a8cd82c5bdc",
        "is_verified": false,
        "line_number": 901
      }
    ],
    "docs/api-reference-v9.md": [
      {
        "type": "Hex High Entropy String",
        "filename": "docs/api-reference-v9.md",
        "hashed_secret": "23a1bf31b6714988d7a54fb4f2a55c91fb1af762",
        "is_verified": false,
        "line_number": 478
      }
    ],
    "docs/api-reference.md": [
      {
        "type": "Secret Keyword",
        "filename": "docs/api-reference.md",
        "hashed_secret": "25ab86bed149ca6ca9c1c0d5db7c9a91388ddeab",
        "is_verified": false,
        "line_number": 336
      },
      {
        "type": "Secret Keyword",
        "filename": "docs/api-reference.md",
        "hashed_secret": "db2b860f924b9fc4be2e4dff725b490a79f604f0",
        "is_verified": false,
        "line_number": 439
      },
      {
        "type": "Secret Keyword",
        "filename": "docs/api-reference.md",
        "hashed_secret": "d16abaafbaef21b603ca0c3d64cc305bd2adc8f1",
        "is_verified": false,
        "line_number": 923
      }
    ],
    "docs/development/best-practices.md": [
      {
        "type": "Secret Keyword",
        "filename": "docs/development/best-practices.md",
        "hashed_secret": "89c2116d6239ad69d4d42ef4f98058617eb8e610",
        "is_verified": false,
        "line_number": 324
      },
      {
        "type": "Secret Keyword",
        "filename": "docs/development/best-practices.md",
        "hashed_secret": "3c57c98342725033d3e8e39361c26366fd4ee456",
        "is_verified": false,
        "line_number": 325
      },
      {
        "type": "Secret Keyword",
        "filename": "docs/development/best-practices.md",
        "hashed_secret": "cbfdac6008f9cab4083784cbd1874f76618d2a97",
        "is_verified": false,
        "line_number": 500
      }
    ],
    "docs/features/authentication.md": [
      {
        "type": "Secret Keyword",
        "filename": "docs/features/authentication.md",
        "hashed_secret": "d36302b066820d908c2de824e22eae4d0ee4d170",
        "is_verified": false,
        "line_number": 69
      }
    ],
    "docs/features/database-management.md": [
      {
        "type": "Secret Keyword",
        "filename": "docs/features/database-management.md",
        "hashed_secret": "bbafd64178e2486e5812a43ab669096b98d0f231",
        "is_verified": false,
        "line_number": 130
      }
    ],
    "docs/features/database.md": [
      {
        "type": "Secret Keyword",
        "filename": "docs/features/database.md",
        "hashed_secret": "c15aef4390301f1d950f8c53008d0d79bc2e44e5",
        "is_verified": false,
        "line_number": 85
      }
    ],
    "docs/features/engine-users-management.md": [
      {
        "type": "Secret Keyword",
        "filename": "docs/features/engine-users-management.md",
        "hashed_secret": "b26c3226fd248a94dd13a3db1d63dc727ee577bb",
        "is_verified": false,
        "line_number": 205
      },
      {
        "type": "Secret Keyword",
        "filename": "docs/features/engine-users-management.md",
        "hashed_secret": "6da1db1f19f2453cea7a6ad62e7b0a098a871ba6",
        "is_verified": false,
        "line_number": 228
      }
    ],
    "docs/features/permissions.md": [
      {
        "type": "Secret Keyword",
        "filename": "docs/features/permissions.md",
        "hashed_secret": "6e04c876307ccc116f510028225293c233067e5f",
        "is_verified": false,
        "line_number": 253
      }
    ],
    "docs/features/server-management.md": [
      {
        "type": "Secret Keyword",
        "filename": "docs/features/server-management.md",
        "hashed_secret": "25ab86bed149ca6ca9c1c0d5db7c9a91388ddeab",
        "is_verified": false,
        "line_number": 73
      }
    ],
    "docs/features/usuarios-motor-frontend-api.md": [
      {
        "type": "Secret Keyword",
        "filename": "docs/features/usuarios-motor-frontend-api.md",
        "hashed_secret": "25ab86bed149ca6ca9c1c0d5db7c9a91388ddeab",
        "is_verified": false,
        "line_number": 275
      },
      {
        "type": "Secret Keyword",
        "filename": "docs/features/usuarios-motor-frontend-api.md",
        "hashed_secret": "20d8d7e363e2b72ab2a5a8bb20a934d91f5c92ef",
        "is_verified": false,
        "line_number": 312
      },
      {
        "type": "Secret Keyword",
        "filename": "docs/features/usuarios-motor-frontend-api.md",
        "hashed_secret": "d16abaafbaef21b603ca0c3d64cc305bd2adc8f1",
        "is_verified": false,
        "line_number": 403
      },
      {
        "type": "Secret Keyword",
        "filename": "docs/features/usuarios-motor-frontend-api.md",
        "hashed_secret": "b26c3226fd248a94dd13a3db1d63dc727ee577bb",
        "is_verified": false,
        "line_number": 556
      },
      {
        "type": "Secret Keyword",
        "filename": "docs/features/usuarios-motor-frontend-api.md",
        "hashed_secret": "6da1db1f19f2453cea7a6ad62e7b0a098a871ba6",
        "is_verified": false,
        "line_number": 624
      }
    ],
    "readme.md": [
      {
        "type": "Secret Keyword",
        "filename": "readme.md",
        "hashed_secret": "d36302b066820d908c2de824e22eae4d0ee4d170",
        "is_verified": false,
        "line_number": 106
      }
    ],
    "scripts/verify_clone_e2e.py": [
      {
        "type": "Secret Keyword",
        "filename": "scripts/verify_clone_e2e.py",
        "hashed_secret": "631a0d6c3813ee3a11e19b0a37a10ad75bbe8a0c",
        "is_verified": false,
        "line_number": 36
      },
      {
        "type": "Secret Keyword",
        "filename": "scripts/verify_clone_e2e.py",
        "hashed_secret": "f865b53623b121fd34ee5426c792e5c33af8c227",
        "is_verified": false,
        "line_number": 39
      }
    ],
    "scripts/verify_export_e2e.py": [
      {
        "type": "Secret Keyword",
        "filename": "scripts/verify_export_e2e.py",
        "hashed_secret": "631a0d6c3813ee3a11e19b0a37a10ad75bbe8a0c",
        "is_verified": false,
        "line_number": 87
      },
      {
        "type": "Secret Keyword",
        "filename": "scripts/verify_export_e2e.py",
        "hashed_secret": "f865b53623b121fd34ee5426c792e5c33af8c227",
        "is_verified": false,
        "line_number": 90
      }
    ],
    "scripts/verify_migrations_e2e.py": [
      {
        "type": "Secret Keyword",
        "filename": "scripts/verify_migrations_e2e.py",
        "hashed_secret": "631a0d6c3813ee3a11e19b0a37a10ad75bbe8a0c",
        "is_verified": false,
        "line_number": 33
      },
      {
        "type": "Secret Keyword",
        "filename": "scripts/verify_migrations_e2e.py",
        "hashed_secret": "f865b53623b121fd34ee5426c792e5c33af8c227",
        "is_verified": false,
        "line_number": 36
      }
    ],
    "scripts/verify_query_console_e2e.py": [
      {
        "type": "Secret Keyword",
        "filename": "scripts/verify_query_console_e2e.py",
        "hashed_secret": "631a0d6c3813ee3a11e19b0a37a10ad75bbe8a0c",
        "is_verified": false,
        "line_number": 45
      },
      {
        "type": "Secret Keyword",
        "filename": "scripts/verify_query_console_e2e.py",
        "hashed_secret": "f865b53623b121fd34ee5426c792e5c33af8c227",
        "is_verified": false,
        "line_number": 48
      }
    ],
    "scripts/verify_schema_diff_e2e.py": [
      {
        "type": "Secret Keyword",
        "filename": "scripts/verify_schema_diff_e2e.py",
        "hashed_secret": "631a0d6c3813ee3a11e19b0a37a10ad75bbe8a0c",
        "is_verified": false,
        "line_number": 47
      },
      {
        "type": "Secret Keyword",
        "filename": "scripts/verify_schema_diff_e2e.py",
        "hashed_secret": "f865b53623b121fd34ee5426c792e5c33af8c227",
        "is_verified": false,
        "line_number": 50
      }
    ],
    "tests/conftest.py": [
      {
        "type": "Secret Keyword",
        "filename": "tests/conftest.py",
        "hashed_secret": "1c23a7047cce6e0693cbc14e9d811c7b69afccbb",
        "is_verified": false,
        "line_number": 19
      },
      {
        "type": "Secret Keyword",
        "filename": "tests/conftest.py",
        "hashed_secret": "f865b53623b121fd34ee5426c792e5c33af8c227",
        "is_verified": false,
        "line_number": 22
      },
      {
        "type": "Secret Keyword",
        "filename": "tests/conftest.py",
        "hashed_secret": "a761ce3a45d97e41840a788495e85a70d1bb3815",
        "is_verified": false,
        "line_number": 88
      }
    ],
    "tests/test_api_apply_profile_bulk.py": [
      {
        "type": "Secret Keyword",
        "filename": "tests/test_api_apply_profile_bulk.py",
        "hashed_secret": "cc4ce3b41d55ae50aed86c43bfd1cde91781e565",
        "is_verified": false,
        "line_number": 37
      }
    ],
    "tests/test_api_auth.py": [
      {
        "type": "Secret Keyword",
        "filename": "tests/test_api_auth.py",
        "hashed_secret": "792c5d769a23f50680f455a80106268c3e4757de",
        "is_verified": false,
        "line_number": 15
      },
      {
        "type": "Secret Keyword",
        "filename": "tests/test_api_auth.py",
        "hashed_secret": "f865b53623b121fd34ee5426c792e5c33af8c227",
        "is_verified": false,
        "line_number": 24
      }
    ],
    "tests/test_api_charset_collation_options.py": [
      {
        "type": "Secret Keyword",
        "filename": "tests/test_api_charset_collation_options.py",
        "hashed_secret": "cc4ce3b41d55ae50aed86c43bfd1cde91781e565",
        "is_verified": false,
        "line_number": 202
      }
    ],
    "tests/test_api_collation_batches.py": [
      {
        "type": "Secret Keyword",
        "filename": "tests/test_api_collation_batches.py",
        "hashed_secret": "1a91d62f7ca67399625a4368a6ab5d4a3baa6073",
        "is_verified": false,
        "line_number": 52
      }
    ],
    "tests/test_api_collation_conversions.py": [
      {
        "type": "Secret Keyword",
        "filename": "tests/test_api_collation_conversions.py",
        "hashed_secret": "1a91d62f7ca67399625a4368a6ab5d4a3baa6073",
        "is_verified": false,
        "line_number": 38
      }
    ],
    "tests/test_api_collation_conversions_pg.py": [
      {
        "type": "Secret Keyword",
        "filename": "tests/test_api_collation_conversions_pg.py",
        "hashed_secret": "1a91d62f7ca67399625a4368a6ab5d4a3baa6073",
        "is_verified": false,
        "line_number": 157
      }
    ],
    "tests/test_api_database_clones.py": [
      {
        "type": "Secret Keyword",
        "filename": "tests/test_api_database_clones.py",
        "hashed_secret": "1a91d62f7ca67399625a4368a6ab5d4a3baa6073",
        "is_verified": false,
        "line_number": 35
      }
    ],
    "tests/test_api_database_exports.py": [
      {
        "type": "Secret Keyword",
        "filename": "tests/test_api_database_exports.py",
        "hashed_secret": "1a91d62f7ca67399625a4368a6ab5d4a3baa6073",
        "is_verified": false,
        "line_number": 45
      }
    ],
    "tests/test_api_engine_users.py": [
      {
        "type": "Secret Keyword",
        "filename": "tests/test_api_engine_users.py",
        "hashed_secret": "cc4ce3b41d55ae50aed86c43bfd1cde91781e565",
        "is_verified": false,
        "line_number": 51
      },
      {
        "type": "Secret Keyword",
        "filename": "tests/test_api_engine_users.py",
        "hashed_secret": "32cd8441cda59b0eeb1eb14f9e79ff4c2bb94d0b",
        "is_verified": false,
        "line_number": 146
      },
      {
        "type": "Secret Keyword",
        "filename": "tests/test_api_engine_users.py",
        "hashed_secret": "b6566dd30cb52b185cc8ecd4df78cc3320124885",
        "is_verified": false,
        "line_number": 178
      },
      {
        "type": "Secret Keyword",
        "filename": "tests/test_api_engine_users.py",
        "hashed_secret": "03a89c4d00ec5804e3cbdccdf4e73f1b32f02a67",
        "is_verified": false,
        "line_number": 213
      },
      {
        "type": "Secret Keyword",
        "filename": "tests/test_api_engine_users.py",
        "hashed_secret": "d16abaafbaef21b603ca0c3d64cc305bd2adc8f1",
        "is_verified": false,
        "line_number": 255
      },
      {
        "type": "Secret Keyword",
        "filename": "tests/test_api_engine_users.py",
        "hashed_secret": "8f1bab0901a9857931f3a6aed1368580ed0b1cf7",
        "is_verified": false,
        "line_number": 283
      },
      {
        "type": "Secret Keyword",
        "filename": "tests/test_api_engine_users.py",
        "hashed_secret": "1c9e4d0d9b5045f69ab72e9fa07ac5ab0b497260",
        "is_verified": false,
        "line_number": 307
      },
      {
        "type": "Secret Keyword",
        "filename": "tests/test_api_engine_users.py",
        "hashed_secret": "b26c3226fd248a94dd13a3db1d63dc727ee577bb",
        "is_verified": false,
        "line_number": 359
      },
      {
        "type": "Secret Keyword",
        "filename": "tests/test_api_engine_users.py",
        "hashed_secret": "621116d531bd87ecf15fc0497f5aa0983e7a2197",
        "is_verified": false,
        "line_number": 500
      },
      {
        "type": "Secret Keyword",
        "filename": "tests/test_api_engine_users.py",
        "hashed_secret": "763df158f3bca4a88cc3dff8ccd49f5c48f8e51d",
        "is_verified": false,
        "line_number": 505
      }
    ],
    "tests/test_api_managed_database_provision.py": [
      {
        "type": "Secret Keyword",
        "filename": "tests/test_api_managed_database_provision.py",
        "hashed_secret": "cc4ce3b41d55ae50aed86c43bfd1cde91781e565",
        "is_verified": false,
        "line_number": 20
      }
    ],
    "tests/test_api_managed_databases.py": [
      {
        "type": "Secret Keyword",
        "filename": "tests/test_api_managed_databases.py",
        "hashed_secret": "cc4ce3b41d55ae50aed86c43bfd1cde91781e565",
        "is_verified": false,
        "line_number": 16
      }
    ],
    "tests/test_api_model_migrations.py": [
      {
        "type": "Secret Keyword",
        "filename": "tests/test_api_model_migrations.py",
        "hashed_secret": "cc4ce3b41d55ae50aed86c43bfd1cde91781e565",
        "is_verified": false,
        "line_number": 321
      }
    ],
    "tests/test_api_query_console.py": [
      {
        "type": "Secret Keyword",
        "filename": "tests/test_api_query_console.py",
        "hashed_secret": "cc4ce3b41d55ae50aed86c43bfd1cde91781e565",
        "is_verified": false,
        "line_number": 29
      },
      {
        "type": "Secret Keyword",
        "filename": "tests/test_api_query_console.py",
        "hashed_secret": "03a89c4d00ec5804e3cbdccdf4e73f1b32f02a67",
        "is_verified": false,
        "line_number": 322
      }
    ],
    "tests/test_api_schema_comparisons.py": [
      {
        "type": "Secret Keyword",
        "filename": "tests/test_api_schema_comparisons.py",
        "hashed_secret": "1a91d62f7ca67399625a4368a6ab5d4a3baa6073",
        "is_verified": false,
        "line_number": 31
      }
    ],
    "tests/test_api_server_users.py": [
      {
        "type": "Secret Keyword",
        "filename": "tests/test_api_server_users.py",
        "hashed_secret": "cc4ce3b41d55ae50aed86c43bfd1cde91781e565",
        "is_verified": false,
        "line_number": 16
      },
      {
        "type": "Secret Keyword",
        "filename": "tests/test_api_server_users.py",
        "hashed_secret": "4eb018ace3358315273496d1f4f4487f2c2e1c31",
        "is_verified": false,
        "line_number": 186
      }
    ],
    "tests/test_data_copy.py": [
      {
        "type": "Secret Keyword",
        "filename": "tests/test_data_copy.py",
        "hashed_secret": "e5e9fa1ba31ecd1ae84f75caaa474f3a663f05f4",
        "is_verified": false,
        "line_number": 57
      }
    ],
    "tests/test_grant_guards.py": [
      {
        "type": "Secret Keyword",
        "filename": "tests/test_grant_guards.py",
        "hashed_secret": "cc4ce3b41d55ae50aed86c43bfd1cde91781e565",
        "is_verified": false,
        "line_number": 22
      }
    ],
    "tests/test_migration_runner.py": [
      {
        "type": "Secret Keyword",
        "filename": "tests/test_migration_runner.py",
        "hashed_secret": "1a91d62f7ca67399625a4368a6ab5d4a3baa6073",
        "is_verified": false,
        "line_number": 405
      }
    ],
    "tests/test_query_console_security.py": [
      {
        "type": "Secret Keyword",
        "filename": "tests/test_query_console_security.py",
        "hashed_secret": "0a4f8b93faad504007df78c9acb6f93ea6cc8c53",
        "is_verified": false,
        "line_number": 29
      }
    ],
    "tests/test_query_runner_execution.py": [
      {
        "type": "Secret Keyword",
        "filename": "tests/test_query_runner_execution.py",
        "hashed_secret": "e5e9fa1ba31ecd1ae84f75caaa474f3a663f05f4",
        "is_verified": false,
        "line_number": 119
      }
    ],
    "tests/test_remote_engine.py": [
      {
        "type": "Secret Keyword",
        "filename": "tests/test_remote_engine.py",
        "hashed_secret": "a8c9f7fefde671242122329709c4026427838ba0",
        "is_verified": false,
        "line_number": 17
      }
    ],
    "tests/test_run_tests_direct.py": [
      {
        "type": "Secret Keyword",
        "filename": "tests/test_run_tests_direct.py",
        "hashed_secret": "a761ce3a45d97e41840a788495e85a70d1bb3815",
        "is_verified": false,
        "line_number": 57
      }
    ]
  },
  "generated_at": "2026-08-25T18:33:30Z"
}
